
---- Completed parsing ----


Value of the expression is: 60

Bye!
