
---- Completed parsing ----


Value of the expression is: 20

Bye!
