
---- Completed parsing ----


Value of the expression is: "false"

Bye!
