"shake"

---- Completed parsing ----


Value of the expression is: "shake"

Bye!
