
---- Completed parsing ----


Value of the expression is: "hello kitty!"

Bye!
